// Jest Snapshot v1, https://goo.gl/fbAQLP

exports[`<SearchBox /> 1`] = `
<div
  className="loading"
>
  <div
    className="bubble-loader"
  >
    <div
      className="bubble1"
      style={
        Object {
          "animation": "bouncedelay 1s ease-in-out infinite both",
          "animationDelay": "-0.32s",
          "backgroundColor": "#0167c2",
          "borderRadius": "50%",
          "display": "inline-block",
          "height": "1rem",
          "width": "1rem",
        }
      }
    />
    <div
      className="bubble2"
      style={
        Object {
          "animation": "bouncedelay 1s ease-in-out infinite both",
          "animationDelay": "-0.16s",
          "backgroundColor": "#00B5FF",
          "borderRadius": "50%",
          "display": "inline-block",
          "height": "1rem",
          "width": "1rem",
        }
      }
    />
    <div
      className="bubble3"
      style={
        Object {
          "animation": "bouncedelay 1s ease-in-out infinite both",
          "backgroundColor": "#DCEFFA",
          "borderRadius": "50%",
          "display": "inline-block",
          "height": "1rem",
          "width": "1rem",
        }
      }
    />
  </div>
</div>
`;

exports[`<SearchBox /> 2`] = `
<div
  className="loading"
/>
`;
